FBX version: 7400
FBX version: 7700
FBX version: 7700
FBX version: 7700
INFO Draco mesh compression is available, use library at /home/user/workspace/art-env/lib/python3.11/site-packages/bpy/5.0/scripts/addons_core/io_scene_gltf2/libextern_draco.so
07:58:36 | INFO: Starting glTF 2.0 export
07:58:36 | INFO: Extracting primitive: Mesh
07:58:37 | WARNING: The active Vertex Color will not be exported, as it is not used in the node tree of the material
07:58:37 | INFO: Primitives created: 2
07:58:38 | INFO: Finished glTF 2.0 export in 2.236180543899536 s

Info: Saved as "male-delhi-animated.blend"
Exported male-delhi with 7292 polygons and Idle/Walk/Run clips
FBX version: 7400
FBX version: 7700
FBX version: 7700
FBX version: 7700
07:58:40 | INFO: Starting glTF 2.0 export
07:58:40 | INFO: Extracting primitive: Mesh
07:58:41 | WARNING: The active Vertex Color will not be exported, as it is not used in the node tree of the material
07:58:42 | WARNING: More than one shader node tex image used for a texture. The resulting glTF sampler will behave like the first shader node tex image.
07:58:42 | INFO: Primitives created: 3
07:58:43 | INFO: Finished glTF 2.0 export in 2.218550682067871 s

Info: Saved as "female-delhi-animated.blend"
Exported female-delhi with 6992 polygons and Idle/Walk/Run clips
