00:00.292  blend            | Read blend: "/home/user/workspace/dissent-last-ballot/art/male-delhi-animated.blend"
/home/user/workspace/dissent-last-ballot/tools/style-delhi-student.py:36: DeprecationWarning: 'Material.use_nodes' is expected to be removed in Blender 6.0
  material=bpy.data.materials.new('Short dark hair');material.use_nodes=True
INFO Draco mesh compression is available, use library at /home/user/workspace/art-env/lib/python3.11/site-packages/bpy/5.0/scripts/addons_core/io_scene_gltf2/libextern_draco.so
08:09:06 | INFO: Starting glTF 2.0 export
08:09:06 | INFO: Extracting primitive: Mesh
08:09:06 | WARNING: The active Vertex Color will not be exported, as it is not used in the node tree of the material
08:09:07 | INFO: Primitives created: 2
08:09:07 | INFO: Extracting primitive: Original short hair
08:09:07 | INFO: Primitives created: 1
08:09:08 | INFO: Finished glTF 2.0 export in 2.2271883487701416 s
00:02.861  blend            | Read blend: "/home/user/workspace/dissent-last-ballot/art/female-animated.blend"

Info: Saved as "student-delhi-animated.blend"
08:09:12 | INFO: Starting glTF 2.0 export
08:09:12 | INFO: Extracting primitive: Mesh
08:09:13 | WARNING: The active Vertex Color will not be exported, as it is not used in the node tree of the material
08:09:14 | WARNING: More than one shader node tex image used for a texture. The resulting glTF sampler will behave like the first shader node tex image.
08:09:14 | INFO: Primitives created: 3
08:09:14 | INFO: Finished glTF 2.0 export in 2.291736602783203 s

Info: Saved as "female-casual-delhi.blend"
